// Jest Snapshot v1, https://goo.gl/fbAQLP

exports[`Pruebas del componente <GifGrid /> Debe hacer match con el snapshot 1`] = `
<Fragment>
  <h3
    className="animate__animated animate__fadeIn"
  >
    evangelion
  </h3>
  <p
    className="animate__animated animate__flash"
  >
    Cargando...
  </p>
  <div
    className="card-grid"
  />
</Fragment>
`;
