// Jest Snapshot v1, https://goo.gl/fbAQLP

exports[`Pruebas de <GifGridItem /> Debe renderizar el componente <GifGridItem /> correctamente 1`] = `
<div
  className="card animate__animated animate__fadeIn"
>
  <img
    alt="Un titulo cualquiera"
    src="https://localhost/imagen.jpg"
  />
  <p>
    Un titulo cualquiera
  </p>
</div>
`;
